功能: 标题不能为空啊 # features/testcase-2016_08_2411_59_03_459093.feature:2

  场景: 标题不能为空啊       # features/testcase-2016_08_2411_59_03_459093.feature:3
    当 < 打开FM_AM选择界面 # steps/step_radio.py:10
      Traceback (most recent call last):
        File "/usr/local/lib/python3.4/configparser.py", line 761, in get
          value = d[option]
        File "/usr/local/lib/python3.4/collections/__init__.py", line 805, in __getitem__
          return self.__missing__(key)            # support subclasses that define __missing__
        File "/usr/local/lib/python3.4/collections/__init__.py", line 797, in __missing__
          raise KeyError(key)
      KeyError: 'socketip'
      
      During handling of the above exception, another exception occurred:
      
      Traceback (most recent call last):
        File "/usr/local/lib/python3.4/site-packages/behave/model.py", line 1456, in run
          match.run(runner.context)
        File "/usr/local/lib/python3.4/site-packages/behave/model.py", line 1903, in run
          self.func(context, *args, **kwargs)
        File "steps/step_radio.py", line 13, in step_impl
          Radio().click_radio_selector_ele()
        File "/home/ogq/pateo/AT/ATP/autotestproject/actions/radio.py", line 247, in click_radio_selector_ele
          Utils().raise_Exception_info('FM/AM选择控件不存在')
        File "/home/ogq/pateo/AT/ATP/autotestproject/utils/utils.py", line 104, in raise_Exception_info
          raise Exception('用例运行失败，' + err_msg + '请参考截图信息: http://' + self.get_conf_value('socketIp') + ':9000/' + time.strftime('%Y%m%d') + '/screenshots/' + png_name)
        File "/home/ogq/pateo/AT/ATP/autotestproject/utils/utils.py", line 175, in get_conf_value
          ret_val = cf.get('baseconf', key)
        File "/usr/local/lib/python3.4/configparser.py", line 764, in get
          raise NoOptionError(option, section)
      configparser.NoOptionError: No option 'socketip' in section: 'baseconf'
      
      Captured stdout:
      /home/ogq/pateo/AT/autotestLog/20160824/screenshots/20160824115925.png
      开始检查应用是否crash


